audio/readme.txt
models/DV121/acoustic/README
models/DV121/acoustic/feat.params
models/DV121/acoustic/feature_transform
models/DV121/acoustic/mdef
models/DV121/acoustic/means
models/DV121/acoustic/mixture_weights
models/DV121/acoustic/noisedict
models/DV121/acoustic/transition_matrices
models/DV121/acoustic/variances
models/DV121/language/pasikalbėjimas_v2.dict
models/DV121/language/pasikalbėjimas_v2.lm
models/DV121/language/pasikalbėjimas_v2.phrases
models/FZ1.3/acoustic/README
models/FZ1.3/acoustic/feat.params
models/FZ1.3/acoustic/mdef
models/FZ1.3/acoustic/means
models/FZ1.3/acoustic/noisedict
models/FZ1.3/acoustic/sendump
models/FZ1.3/acoustic/transition_matrices
models/FZ1.3/acoustic/variances
models/FZ1.3/language/adr_biržai_gatvės.dict
models/FZ1.3/language/adr_biržai_gatvės.gram
models/FZ1.3/language/adr_biržai_pastatų_nr.dict
models/FZ1.3/language/adr_biržai_pastatų_nr.gram
models/FZ1.3/language/adr_frazės.dict
models/FZ1.3/language/adr_frazės.gram
models/FZ1.3/language/adr_kaunas_gatvės.dict
models/FZ1.3/language/adr_kaunas_gatvės.gram
models/FZ1.3/language/adr_kaunas_pastatų_nr.dict
models/FZ1.3/language/adr_kaunas_pastatų_nr.gram
models/FZ1.3/language/adr_utena_gatvės.dict
models/FZ1.3/language/adr_utena_gatvės.gram
models/FZ1.3/language/adr_utena_pastatų_nr.dict
models/FZ1.3/language/adr_utena_pastatų_nr.gram
models/FZ1.3/language/adr_vilnius_gatvės.dict
models/FZ1.3/language/adr_vilnius_gatvės.gram
models/FZ1.3/language/adr_vilnius_gatvės.phrases
models/FZ1.3/language/adr_vilnius_pastatų_nr.dict
models/FZ1.3/language/adr_vilnius_pastatų_nr.gram
models/FZ1.3/language/pasikalbėjimas_v1.dict
models/FZ1.3/language/pasikalbėjimas_v1.gram
models/FZ1.3/language/pasikalbėjimas_v2.dict
models/FZ1.3/language/pasikalbėjimas_v2.lm
models/FZ1.3/language/pasikalbėjimas_v2.phrases